// Jest Snapshot v1, https://goo.gl/fbAQLP

exports[`should return an array of file and comment should return array 1`] = `
Object {
  "assignee": "aleku399",
  "comment": "testingthebot",
  "file": "app.js",
}
`;
